[backblue.gif]
[fade.gif]
[index.html]
[www.tampawomanshealthcenter.com/ScriptResourceb0f8.js]
[www.tampawomanshealthcenter.com/Portals/0/banner-2011.png]
[www.tampawomanshealthcenter.com/portals/0/L1.png]
[www.tampawomanshealthcenter.com/portals/0/L2.png]
[www.tampawomanshealthcenter.com/portals/0/L3.png]
[www.tampawomanshealthcenter.com/Portals/_default/Skins/NewAlldnnskins-090417-T1372/images/lineleft.jpg]
[www.tampawomanshealthcenter.com/Portals/_default/Skins/NewAlldnnskins-090417-T1372/images/lineright.jpg]
[www.tampawomanshealthcenter.com/Portals/_default/Skins/NewAlldnnskins-090417-T1372/images/1372_r3_c1.jpg]
[www.tampawomanshealthcenter.com/Portals/_default/Skins/NewAlldnnskins-090417-T1372/images/1372_r3_c10.jpg]
[www.tampawomanshealthcenter.com/Portals/0/bigstock_Portrait_of_Doctors_2-16-11.jpg]
[www.tampawomanshealthcenter.com/Portals/0/naf-logo.png]
[www.tampawomanshealthcenter.com/Portals/_default/Skins/NewAlldnnskins-090417-T1372/images/1372_r7_c1.jpg]
[www.tampawomanshealthcenter.com/Portals/_default/Skins/NewAlldnnskins-090417-T1372/images/1372_r7_c10.jpg]
[www.tampawomanshealthcenter.com/index.html]
[www.tampawomanshealthcenter.com/Portals/_default/default.css]
[www.tampawomanshealthcenter.com/Portals/_default/Skins/NewAlldnnskins-090417-T1372/skin.css]
[www.tampawomanshealthcenter.com/Portals/0/portal.css]
[www.tampawomanshealthcenter.com/DesktopModules/JDMENU/JS/jquery-1.2.6.min.js]
[www.tampawomanshealthcenter.com/js/dnncore.js]
[www.tampawomanshealthcenter.com/ScriptResourceb0f8.js]
[www.tampawomanshealthcenter.com/images/tablogin_gray.gif]
[www.tampawomanshealthcenter.com/DesktopModules/JDMENU/JS/jquery.bgiframe.js]
[www.tampawomanshealthcenter.com/DesktopModules/JDMENU/JS/jquery.dimensions.js]
[www.tampawomanshealthcenter.com/DesktopModules/JDMENU/JS/jquery.positionBy.js]
[www.tampawomanshealthcenter.com/Home/tabid/37/Default.html]
[www.tampawomanshealthcenter.com/Portals/0/woman asian.jpg]
[www.tampawomanshealthcenter.com/About/tabid/56/Default.html]
[www.tampawomanshealthcenter.com/Portals/0/Latino.jpg]
[www.tampawomanshealthcenter.com/LinkClick8951.pdf]
[www.tampawomanshealthcenter.com/LinkClickd243.pdf]
[www.tampawomanshealthcenter.com/LinkClickaf29.pdf]
[www.tampawomanshealthcenter.com/LinkClick9ed0.pdf]
[www.tampawomanshealthcenter.com/LinkClick7be6.pdf]
[www.tampawomanshealthcenter.com/LinkClickfd24.pdf]
[www.tampawomanshealthcenter.com/LinkClick839b.pdf]
[www.tampawomanshealthcenter.com/LinkClick040e.pdf]
[www.tampawomanshealthcenter.com/LinkClicke260.pdf]
[www.tampawomanshealthcenter.com/LinkClick4fb4.pdf]
[www.tampawomanshealthcenter.com/LinkClick1029.pdf]
[www.tampawomanshealthcenter.com/LinkClick2fa3.pdf]
[www.tampawomanshealthcenter.com/LinkClick463d.pdf]
[www.tampawomanshealthcenter.com/About/Forms/tabid/112/Default.html]
[www.tampawomanshealthcenter.com/Portals/0/bigstock_Female_nurse_outdoors_12059231.jpg]
[www.tampawomanshealthcenter.com/About/InsuranceCoverage/tabid/77/Default.html]
[www.tampawomanshealthcenter.com/Portals/0/smiling hispanic woman.jpg]
[www.tampawomanshealthcenter.com/About/PrivacyRights/tabid/80/Default.html]
[www.tampawomanshealthcenter.com/Portals/0/bigstock_Contemplative_Woman_5749262.jpg]
[www.tampawomanshealthcenter.com/About/SpecialInformationForMinors/tabid/84/Default.html]
[www.tampawomanshealthcenter.com/About/OurHistory/tabid/66/Default.html]
[www.tampawomanshealthcenter.com/Portals/0/Black girl.jpg]
[www.tampawomanshealthcenter.com/About/ClientsRightsandResponsibilities/tabid/142/Default.html]
[www.tampawomanshealthcenter.com/Portals/0/bigstockphoto_Lovely_Doctor_Or_Nurse_3100415.jpg]
[www.tampawomanshealthcenter.com/AbortionOptions/tabid/57/Default.html]
[www.tampawomanshealthcenter.com/Portals/0/bigstock_Minority_Nurse_3016423.jpg]
[www.tampawomanshealthcenter.com/AbortionOptions/SurgicalAbortionProcedure/tabid/73/Default.html]
[www.tampawomanshealthcenter.com/Portals/0/bigstock_Doctor_Smiling_4392265.jpg]
[www.tampawomanshealthcenter.com/AbortionOptions/SurgicalAbortionProcedure/AbortionPreparation/tabid/74/Default.html]
[www.tampawomanshealthcenter.com/Portals/0/bigstockphoto_Listening_Intently_1470987.jpg]
[www.tampawomanshealthcenter.com/AbortionOptions/SurgicalAbortionProcedure/AbortionAnesthesia/tabid/75/Default.html]
[www.tampawomanshealthcenter.com/Portals/0/black woman.jpg]
[www.tampawomanshealthcenter.com/AbortionOptions/SurgicalAbortionProcedure/AbortionFees/tabid/78/Default.html]
[www.tampawomanshealthcenter.com/AbortionOptions/SurgicalAbortionProcedure/PreExistingMedicalConditionConsiderations/tabid/79/Default.html]
[www.tampawomanshealthcenter.com/Portals/0/bigstockphoto_Nurse_With_Telephone_4428118.jpg]
[www.tampawomanshealthcenter.com/AbortionOptions/SurgicalAbortionProcedure/InstructionsforAfterYourAbortion/tabid/94/Default.html]
[www.tampawomanshealthcenter.com/Portals/0/black business woman.jpg]
[www.tampawomanshealthcenter.com/AbortionOptions/ChemicalTermination/tabid/67/Default.html]
[www.tampawomanshealthcenter.com/Portals/0/bigstock_Beautiful_Hispanic_Nurse_640052.jpg]
[www.tampawomanshealthcenter.com/AbortionOptions/MorningAfterPill/tabid/58/Default.html]
[www.tampawomanshealthcenter.com/Portals/0/Morning 3.jpg]
[www.tampawomanshealthcenter.com/AbortionOptions/MorningAfterPill/HowtoGettheMorningAfterPill/tabid/72/Default.html]
[www.tampawomanshealthcenter.com/Portals/0/RU486 Pill.jpg]
[www.tampawomanshealthcenter.com/AbortionOptions/RU486Pill/tabid/68/Default.html]
[www.tampawomanshealthcenter.com/AbortionOptions/SurgicalTermination1stTriMester/tabid/69/Default.html]
[www.tampawomanshealthcenter.com/Portals/0/asain woman.jpg]
[www.tampawomanshealthcenter.com/AbortionOptions/SurgicalTermination2ndTriMester/tabid/70/Default.html]
[www.tampawomanshealthcenter.com/Portals/0/bigstockphoto_Nurse_With_Stethoscope_At_Hosp_4068884.jpg]
[www.tampawomanshealthcenter.com/AbortionOptions/VIPServices/tabid/71/Default.html]
[www.tampawomanshealthcenter.com/Portals/0/counseling woman.jpg]
[www.tampawomanshealthcenter.com/AbortionOptions/FAQRegardingSurgicalAbortion/tabid/140/Default.html]
[www.tampawomanshealthcenter.com/Portals/0/bigstock_NurseWithPatient_3510750.jpg]
[www.tampawomanshealthcenter.com/AbortionOptions/FAQRegardingMedicalAbortions/tabid/141/Default.html]
[www.tampawomanshealthcenter.com/AbortionOptions/MedicalAbortionWithMifepristoneorMifeprex/tabid/139/Default.html]
[www.tampawomanshealthcenter.com/WellWoman/tabid/59/Default.html]
[www.tampawomanshealthcenter.com/WellWoman/SexuallyTransmittedDiseasesSTD/tabid/89/Default.html]
[www.tampawomanshealthcenter.com/WellWoman/SexuallyTransmittedDiseasesSTD/HIVAids/tabid/87/Default.html]
[www.tampawomanshealthcenter.com/Portals/0/bigstock_Family_Problems_183002.jpg]
[www.tampawomanshealthcenter.com/WellWoman/SexuallyTransmittedDiseasesSTD/Chlamydia/tabid/88/Default.html]
[www.tampawomanshealthcenter.com/WellWoman/SexuallyTransmittedDiseasesSTD/GenitalHerpes/tabid/92/Default.html]
[www.tampawomanshealthcenter.com/WellWoman/SexuallyTransmittedDiseasesSTD/GenitalHerpes/LivingWithHerpes/tabid/169/Default.html]
[www.tampawomanshealthcenter.com/WellWoman/SexuallyTransmittedDiseasesSTD/GenitalWartsCondyloma/tabid/90/Default.html]
[www.tampawomanshealthcenter.com/WellWoman/SexuallyTransmittedDiseasesSTD/Gonorrhea/tabid/91/Default.html]
[www.tampawomanshealthcenter.com/Portals/0/bigstockphoto_Sunset_With_Beautiful_Clouds_A_4186675 2.jpg]
[www.tampawomanshealthcenter.com/WellWoman/SexuallyTransmittedDiseasesSTD/HumanPapillomavirusHPV/tabid/102/Default.html]
[www.tampawomanshealthcenter.com/WellWoman/SexuallyTransmittedDiseasesSTD/Syphilis/tabid/93/Default.html]
[www.tampawomanshealthcenter.com/WellWoman/SexuallyTransmittedDiseasesSTD/GeneralInformation/tabid/177/Default.html]
[www.tampawomanshealthcenter.com/WellWoman/UrinaryTractInfectionsUTI/tabid/117/Default.html]
[www.tampawomanshealthcenter.com/WellWoman/AboutCervicalCancer/tabid/105/Default.html]
[www.tampawomanshealthcenter.com/Portals/0/Nurse_discussing_patient_chart.png]
[www.tampawomanshealthcenter.com/WellWoman/SexualProblemsinWomen/tabid/115/Default.html]
[www.tampawomanshealthcenter.com/Portals/0/bigstockTWC1.jpg]
[www.tampawomanshealthcenter.com/WellWoman/PremenstrualSyndromePMS/tabid/116/Default.html]
[www.tampawomanshealthcenter.com/Portals/0/mexican woman.jpg]
[www.tampawomanshealthcenter.com/WellWoman/PelvicPain/tabid/123/Default.html]
[www.tampawomanshealthcenter.com/WellWoman/PelvicInflammatoryDiseasePID/tabid/111/Default.html]
[www.tampawomanshealthcenter.com/WellWoman/PapandExam/tabid/120/Default.html]
[www.tampawomanshealthcenter.com/Portals/0/Chineese woman.jpg]
[www.tampawomanshealthcenter.com/WellWoman/PapandExam/FAQPapSmearandExam/tabid/106/Default.html]
[www.tampawomanshealthcenter.com/Portals/0/woman latin.jpg]
[www.tampawomanshealthcenter.com/WellWoman/PapandExam/UnderstandingThePapSmear/tabid/109/Default.html]
[www.tampawomanshealthcenter.com/Portals/0/bigstock_Three_Women_Sitting_On_Stairca2-16-11.jpg]
[www.tampawomanshealthcenter.com/Resources/tabid/132/Default.html]
[www.tampawomanshealthcenter.com/Resources/HormonesDuringPregnancy/tabid/162/Default.html]
[www.tampawomanshealthcenter.com/Resources/FrequencyofUrinationDuringPregnancy/tabid/164/Default.html]
[www.tampawomanshealthcenter.com/Resources/EmotionalIssuesRelatedtoAbortion/tabid/100/Default.html]
[www.tampawomanshealthcenter.com/Resources/EmotionalIssuesRelatedtoAbortion/ExperiencingUpsetAfterMyAbortion/tabid/98/Default.html]
[www.tampawomanshealthcenter.com/Resources/EmotionalIssuesRelatedtoAbortion/MythThatAbortionCausesDepression/tabid/170/Default.html]
[www.tampawomanshealthcenter.com/Resources/SymptomsofPregnancy/tabid/99/Default.html]
[www.tampawomanshealthcenter.com/Portals/0/hispanic close up.jpg]
[www.tampawomanshealthcenter.com/Resources/SymptomsofPregnancy/PregnancyTestingService/tabid/95/Default.html]
[www.tampawomanshealthcenter.com/Resources/SymptomsofPregnancy/PregnancyTests/tabid/121/Default.html]
[www.tampawomanshealthcenter.com/Resources/SymptomsofPregnancy/MorningSickness/tabid/97/Default.html]
[www.tampawomanshealthcenter.com/Portals/0/pregnant_teenager.jpg]
[www.tampawomanshealthcenter.com/Resources/SymptomsofPregnancy/MorningSickness/DealingWithMorningSickness/tabid/118/Default.html]
[www.tampawomanshealthcenter.com/Resources/BreastTenderness/tabid/96/Default.html]
[www.tampawomanshealthcenter.com/Resources/BreastsLeaking/tabid/163/Default.html]
[www.tampawomanshealthcenter.com/Resources/HyperemesisGravidarum/tabid/126/Default.html]
[www.tampawomanshealthcenter.com/Resources/UltraSound/tabid/119/Default.html]
[www.tampawomanshealthcenter.com/Portals/0/bigstock_Modern_Hispanic_Woman_2-16-11.jpg]
[www.tampawomanshealthcenter.com/Resources/PreventingHPV/tabid/107/Default.html]
[www.tampawomanshealthcenter.com/Resources/WhatYouShouldKnowAboutYourPeriod/tabid/130/Default.html]
[www.tampawomanshealthcenter.com/Resources/WhatYouShouldKnowAboutYourPeriod/MenstrualBleeding/tabid/128/Default.html]
[www.tampawomanshealthcenter.com/Resources/WhatYouShouldKnowAboutYourPeriod/WhenYouShouldWorryAboutMenstrualBleeding/tabid/166/Default.html]
[www.tampawomanshealthcenter.com/Portals/0/bigstock_African_American_Man_Doctor_Wr_4655312.jpg]
[www.tampawomanshealthcenter.com/Resources/Masturbation/tabid/127/Default.html]
[www.tampawomanshealthcenter.com/Resources/DNATesting/tabid/124/Default.html]
[www.tampawomanshealthcenter.com/Portals/0/bigstock_Asian_Male_Making_A_Call_196876.jpg]
[www.tampawomanshealthcenter.com/Resources/FAQForMen/MaleBirthControlPills/tabid/114/Default.html]
[www.tampawomanshealthcenter.com/Resources/FAQForMen/Vasectomy/tabid/138/Default.html]
[www.tampawomanshealthcenter.com/Resources/FAQForMen/CopingWithaPregnancyDecision/tabid/167/Default.html]
[www.tampawomanshealthcenter.com/Portals/0/bigstock_Young_Businessman_1573816.jpg]
[www.tampawomanshealthcenter.com/Resources/FAQForMen/ShowingHerYouCare/tabid/168/Default.html]
[www.tampawomanshealthcenter.com/Resources/AboutMedicaid/tabid/144/Default.html]
[www.tampawomanshealthcenter.com/Resources/RhSensitization/tabid/76/Default.html]
[www.tampawomanshealthcenter.com/Resources/CommonSexualMisconceptions/tabid/125/Default.html]
[www.tampawomanshealthcenter.com/Resources/MolarPregnancy/tabid/103/Default.html]
[www.tampawomanshealthcenter.com/Resources/DomesticViolence/tabid/171/Default.html]
[www.tampawomanshealthcenter.com/Resources/DomesticViolence/ProtectingYourselfFromDomesticViolence/tabid/172/Default.html]
[www.tampawomanshealthcenter.com/Resources/DomesticViolence/WhyDoWomanStayWithMenWhoBatter/tabid/173/Default.html]
[www.tampawomanshealthcenter.com/Resources/DomesticViolence/DomesticViolenceandGettingHelp/tabid/174/Default.html]
[www.tampawomanshealthcenter.com/Resources/InformationalLinks/tabid/151/Default.html]
[www.tampawomanshealthcenter.com/Resources/AbortionPolitics/tabid/155/Default.html]
[www.tampawomanshealthcenter.com/Resources/AbortionPolitics/TheHydeAmendment/tabid/147/Default.html]
[www.tampawomanshealthcenter.com/Resources/AbortionPolitics/TheHydeAmendment/TheImpactoftheHydeAmendment/tabid/150/Default.html]
[www.tampawomanshealthcenter.com/Portals/0/banner11-R.png]
[www.tampawomanshealthcenter.com/Portals/0/bigstockphoto_Nurse_discussing_patient_chart_778741.jpg]
[www.tampawomanshealthcenter.com/Resources/AbortionPolitics/TheHydeAmendment/ChallengestoHyde/tabid/148/Default.html]
[www.tampawomanshealthcenter.com/Resources/AbortionPolitics/TheHydeAmendment/ImplementationoftheHydeAmendment/tabid/149/Default.html]
[www.tampawomanshealthcenter.com/Resources/AbortionPolitics/LiberalizationofAbortionLawsRoevWade/tabid/154/Default.html]
[www.tampawomanshealthcenter.com/Resources/AbortionPolitics/MakingAbortionIllegal/tabid/156/Default.html]
[www.tampawomanshealthcenter.com/Resources/AbortionPolitics/ATimelineofReproductiveRights/tabid/157/Default.html]
[www.tampawomanshealthcenter.com/Resources/AbortionPolitics/ReformtoImprovePregnancyRelatedServices/tabid/158/Default.html]
[www.tampawomanshealthcenter.com/Resources/AbortionPolitics/ReformtoImprovePregnancyRelatedServices/InsuranceCoverageBeforeReform/tabid/159/Default.html]
[www.tampawomanshealthcenter.com/Resources/AbortionPolitics/ReformtoImprovePregnancyRelatedServices/CoveragetoCome/tabid/160/Default.html]
[www.tampawomanshealthcenter.com/Resources/AbortionPolitics/ReformtoImprovePregnancyRelatedServices/PotentialforProgress/tabid/161/Default.html]
[www.tampawomanshealthcenter.com/Portals/0/birthcontrolpills.jpg]
[www.tampawomanshealthcenter.com/BirthControl/BirthControlChoicesandInformation/tabid/86/Default.html]
[www.tampawomanshealthcenter.com/BirthControl/BirthControlChoicesandInformation/MissedBirthControlPills/tabid/81/Default.html]
[www.tampawomanshealthcenter.com/Portals/0/bigstock_Birth_Control_Pills_1472469.jpg]
[www.tampawomanshealthcenter.com/BirthControl/BirthControlChoicesandInformation/BirthControlMyths/tabid/101/Default.html]
[www.tampawomanshealthcenter.com/Portals/0/nuvaring.jpg]
[www.tampawomanshealthcenter.com/BirthControl/TheNuvaRing/tabid/82/Default.html]
[www.tampawomanshealthcenter.com/Portals/0/FE_DA_090305health_depo.jpg]
[www.tampawomanshealthcenter.com/LinkClicke291.pdf]
[www.tampawomanshealthcenter.com/BirthControl/DepoProvera/tabid/85/Default.html]
[www.tampawomanshealthcenter.com/Portals/0/depoprovera4.jpg]
[www.tampawomanshealthcenter.com/BirthControl/DepoProvera/DepoProveraContraceptiveInjection/tabid/108/Default.html]
[www.tampawomanshealthcenter.com/BirthControl/IntrauterineDeviceIUD/tabid/110/Default.html]
[www.tampawomanshealthcenter.com/Portals/0/bigstock_Hispanic_married_couple_togeth_2-16-11.jpg]
[www.tampawomanshealthcenter.com/BirthControl/Spermicides/tabid/131/Default.html]
[www.tampawomanshealthcenter.com/BirthControl/Condoms/tabid/136/Default.html]
[www.tampawomanshealthcenter.com/BirthControl/MedicationsCanInterfereWithOralContraceptives/tabid/104/Default.html]
[www.tampawomanshealthcenter.com/BirthControl/FemaleSterilizationTubalLigation/tabid/143/Default.html]
[www.tampawomanshealthcenter.com/BirthControl/ParaGard/tabid/175/Default.html]
[www.tampawomanshealthcenter.com/BirthControl/Diaphragm/tabid/176/Default.html]
[www.tampawomanshealthcenter.com/Locations/tabid/61/Default.html]
[www.tampawomanshealthcenter.com/Default.html]
[www.tampawomanshealthcenter.com/FAQ/WhenSomeoneYouLoveNeedsaChoice/tabid/83/Default.html]
[www.tampawomanshealthcenter.com/Home/tabid/37/ctl/Privacy/Default.html]
[www.tampawomanshealthcenter.com/Home/tabid/37/ctl/Terms/Default.html]
[www.tampawomanshealthcenter.com/Firefox/index.html]
[www.tampawomanshealthcenter.com/Safari/index.html]
[www.tampawomanshealthcenter.com/Opera/index.html]
[www.tampawomanshealthcenter.com/AbortionOptions/MorningAfterPill/HowtoGettheMorningAfterPill/tabid/72/LinkClick5720.html]
[www.tampawomanshealthcenter.com/Portals/_default/Containers/container/container.css]
